
> marketing-ai-demo@0.1.0 build
> next build --turbopack

 ⚠ Warning: Next.js inferred your workspace root, but it may not be correct.
 We detected multiple lockfiles and selected the directory of /mnt/c/Users/Samsung/package-lock.json as the root directory.
 To silence this warning, set `turbopack.root` in your Next.js config, or consider removing one of the lockfiles if it's not needed.
   See https://nextjs.org/docs/app/api-reference/config/next-config-js/turbopack#root-directory for more information.
 Detected additional lockfiles: 
   * /mnt/c/Users/Samsung/Documents/Projects/Marketing_platform_AI/marketing-ai-demo/package-lock.json

   ▲ Next.js 15.5.4 (Turbopack)
   - Environments: .env.local

   Creating an optimized production build ...
 ✓ Finished writing to disk in 1494ms
 ✓ Compiled successfully in 12.9s
   Linting and checking validity of types ...

Failed to compile.

./app/cc-operations/page.tsx
10:44  Error: Unexpected any. Specify a different type.  @typescript-eslint/no-explicit-any

./app/dm-creative/page.tsx
11:10  Warning: 'Input' is defined but never used.  @typescript-eslint/no-unused-vars

./components/cc-operations/call-initiator.tsx
14:31  Error: Unexpected any. Specify a different type.  @typescript-eslint/no-explicit-any

./components/cc-operations/call-status.tsx
7:13  Error: Unexpected any. Specify a different type.  @typescript-eslint/no-explicit-any

./components/copywriting/copy-generator.tsx
127:19  Error: `"` can be escaped with `&quot;`, `&ldquo;`, `&#34;`, `&rdquo;`.  react/no-unescaped-entities
127:39  Error: `"` can be escaped with `&quot;`, `&ldquo;`, `&#34;`, `&rdquo;`.  react/no-unescaped-entities

./components/dm-creative/qr-preview.tsx
70:15  Warning: Using `<img>` could result in slower LCP and higher bandwidth. Consider using `<Image />` from `next/image` or a custom image loader to automatically optimize images. This may incur additional usage or cost from your provider. See: https://nextjs.org/docs/messages/no-img-element  @next/next/no-img-element

./lib/ai/elevenlabs.ts
9:29  Error: Unexpected any. Specify a different type.  @typescript-eslint/no-explicit-any
31:3  Warning: 'apiKey' is defined but never used.  @typescript-eslint/no-unused-vars
113:20  Error: Unexpected any. Specify a different type.  @typescript-eslint/no-explicit-any
114:16  Error: Unexpected any. Specify a different type.  @typescript-eslint/no-explicit-any

./lib/csv-processor.ts
28:36  Error: Unexpected any. Specify a different type.  @typescript-eslint/no-explicit-any

info  - Need to disable some ESLint rules? Learn more here: https://nextjs.org/docs/app/api-reference/config/eslint#disabling-rules
